======================================================================
VANET BENCHMARK RUNNER
======================================================================
  Modes: ['density', 'proximity']
  Seeds: 42–71 (30 runs per mode)
  Steps: 1000
  Model: rl_module/trained_models/dqn_traffic_20260304_222100/dqn_traffic_final.zip
  Security runs: No-Security + SKIPPED
  Total runs: 60
======================================================================


======================================================================
  PHASE: WITHOUT SECURITY
======================================================================

  Mode: DENSITY
  ──────────────────────────────────────────────────
    [1/30] seed=42 ... OK (78.2s) wait=4.2s speed=12.3m/s completed=359
    [2/30] seed=43 ... OK (75.2s) wait=4.0s speed=12.2m/s completed=359
    [3/30] seed=44 ... OK (72.8s) wait=3.8s speed=12.2m/s completed=359
    [4/30] seed=45 ... OK (0.0s) wait=4.7s speed=12.1m/s completed=359
    [5/30] seed=46 ... OK (0.0s) wait=3.3s speed=12.4m/s completed=356
    [6/30] seed=47 ... OK (0.0s) wait=4.2s speed=12.2m/s completed=361
    [7/30] seed=48 ... OK (0.0s) wait=4.5s speed=12.1m/s completed=360
    [8/30] seed=49 ... OK (0.0s) wait=4.0s speed=12.2m/s completed=359
    [9/30] seed=50 ... OK (0.0s) wait=4.0s speed=12.1m/s completed=358
    [10/30] seed=51 ... OK (0.0s) wait=4.0s speed=12.2m/s completed=360
    [11/30] seed=52 ... OK (0.0s) wait=3.6s speed=12.3m/s completed=360
    [12/30] seed=53 ... OK (0.0s) wait=4.1s speed=12.2m/s completed=357
    [13/30] seed=54 ... OK (0.0s) wait=4.3s speed=12.2m/s completed=358
    [14/30] seed=55 ... OK (0.0s) wait=4.2s speed=12.1m/s completed=359
    [15/30] seed=56 ... OK (0.0s) wait=4.4s speed=12.1m/s completed=356
    [16/30] seed=57 ... OK (0.0s) wait=4.2s speed=12.2m/s completed=359
    [17/30] seed=58 ... OK (0.0s) wait=4.0s speed=12.2m/s completed=358
    [18/30] seed=59 ... OK (0.0s) wait=4.1s speed=12.2m/s completed=357
    [19/30] seed=60 ... OK (0.0s) wait=4.4s speed=12.1m/s completed=355
    [20/30] seed=61 ... OK (0.0s) wait=4.3s speed=12.1m/s completed=357
    [21/30] seed=62 ... OK (0.0s) wait=4.0s speed=12.2m/s completed=360
    [22/30] seed=63 ... OK (0.0s) wait=3.9s speed=12.3m/s completed=357
    [23/30] seed=64 ... OK (0.0s) wait=4.0s speed=12.2m/s completed=362
    [24/30] seed=65 ... OK (0.0s) wait=4.1s speed=12.1m/s completed=354
    [25/30] seed=66 ... OK (0.0s) wait=4.1s speed=12.2m/s completed=358
    [26/30] seed=67 ... OK (0.0s) wait=4.0s speed=12.1m/s completed=358
    [27/30] seed=68 ... OK (0.0s) wait=4.2s speed=12.3m/s completed=361
    [28/30] seed=69 ... OK (0.0s) wait=3.9s speed=12.2m/s completed=358
    [29/30] seed=70 ... OK (0.0s) wait=3.8s speed=12.1m/s completed=359
    [30/30] seed=71 ... OK (0.0s) wait=5.0s speed=12.1m/s completed=357

  DENSITY summary (30/30 successful):
    Avg Wait: 4.11 ± 0.31s
    Avg Speed: 12.18 ± 0.07 m/s
    Completed: 358 ± 2

  Mode: PROXIMITY
  ──────────────────────────────────────────────────
    [1/30] seed=42 ... OK (74.8s) wait=5.3s speed=12.1m/s completed=359
    [2/30] seed=43 ... OK (78.7s) wait=5.5s speed=12.0m/s completed=357
    [3/30] seed=44 ... OK (81.2s) wait=5.0s speed=12.1m/s completed=361
    [4/30] seed=45 ... OK (82.8s) wait=5.6s speed=12.0m/s completed=361
    [5/30] seed=46 ... OK (81.8s) wait=5.0s speed=12.1m/s completed=359
    [6/30] seed=47 ... OK (81.4s) wait=5.9s speed=12.0m/s completed=359
    [7/30] seed=48 ...     ERROR: No metrics file at /Users/apple/Desktop/vanet_final_v3/sumo_simulation/benchmark_output/proximity_nosec_seed48/benchmark_metrics.json
      Warning: Vehicle 'emergency_2' performs emergency braking on lane 'E5_0' with decel=9.00, wished=5.00, severity=1.00, time=90.00.
      Warning: Vehicle 'emergency_2' performs emergency stop at the end of lane 'E5_0' because of a red traffic light (decel=-15.40, offset=2.34), time=90.00.
      Warning: Vehicle 'flow_ns_j2.46' performs emergency braking on lane 'E5_0' with decel=9.00, wished=4.50, severity=1.00, time=536.00.
      Warning: Vehicle 'flow_ns_j2.46' performs emergency stop at the end of lane 'E5_0' because of a red traffic light (decel=-13.93, offset=2.30), time=536.00.
      2026-03-08 23:22:14,864 INFO sumo_ns3_bridge: Results saved to /Users/apple/Desktop/vanet_final_v3/sumo_simulation/benchmark_output/proximity_nosec_seed48/integrated_simulation_results.json (total events: 403329, unique timestamps: 999)
FAILED (84.5s)
    [8/30] seed=49 ... OK (84.2s) wait=5.6s speed=12.0m/s completed=357
    [9/30] seed=50 ... OK (85.1s) wait=5.1s speed=12.0m/s completed=361
    [10/30] seed=51 ... OK (87.0s) wait=5.5s speed=12.0m/s completed=360
    [11/30] seed=52 ... OK (86.6s) wait=5.6s speed=12.1m/s completed=360
    [12/30] seed=53 ... OK (88.8s) wait=5.9s speed=12.0m/s completed=355
    [13/30] seed=54 ... OK (86.2s) wait=5.5s speed=12.0m/s completed=358
    [14/30] seed=55 ... OK (89.3s) wait=4.6s speed=12.1m/s completed=360
    [15/30] seed=56 ... OK (94.2s) wait=6.0s speed=12.0m/s completed=359
    [16/30] seed=57 ... OK (88.0s) wait=5.3s speed=12.0m/s completed=359
    [17/30] seed=58 ... OK (87.8s) wait=5.5s speed=12.0m/s completed=359
    [18/30] seed=59 ... OK (89.1s) wait=5.4s speed=12.1m/s completed=355
    [19/30] seed=60 ... OK (88.8s) wait=5.1s speed=12.0m/s completed=359
    [20/30] seed=61 ... OK (88.0s) wait=5.7s speed=12.0m/s completed=355
    [21/30] seed=62 ... OK (89.8s) wait=5.5s speed=12.1m/s completed=360
    [22/30] seed=63 ... OK (89.9s) wait=5.4s speed=12.1m/s completed=359
    [23/30] seed=64 ... OK (88.8s) wait=4.5s speed=12.1m/s completed=361
    [24/30] seed=65 ... OK (91.5s) wait=5.4s speed=12.0m/s completed=356
    [25/30] seed=66 ... OK (87.8s) wait=5.1s speed=12.2m/s completed=361
    [26/30] seed=67 ... OK (89.7s) wait=5.6s speed=12.0m/s completed=356
    [27/30] seed=68 ... OK (90.9s) wait=5.0s speed=12.2m/s completed=359
    [28/30] seed=69 ... OK (90.3s) wait=4.9s speed=12.0m/s completed=358
    [29/30] seed=70 ... OK (90.8s) wait=5.6s speed=11.9m/s completed=359
    [30/30] seed=71 ... OK (91.0s) wait=5.2s speed=12.1m/s completed=358

  PROXIMITY summary (29/30 successful):
    Avg Wait: 5.35 ± 0.34s
    Avg Speed: 12.04 ± 0.07 m/s
    Completed: 359 ± 2


======================================================================
  COMPARISON TABLE — WITHOUT SECURITY
======================================================================
                             Fixed        Density       Proximity
Metric                                                           
Avg Wait Time (s)              N/A    4.11 ± 0.31     5.35 ± 0.34
Avg Trip Speed (m/s)           N/A   12.18 ± 0.07    12.04 ± 0.07
Avg Queue Length               N/A    2.46 ± 0.18     3.16 ± 0.18
Total Completed Vehicles       N/A  358.33 ± 1.76   358.62 ± 1.83
Throughput (veh/min)           N/A  358.33 ± 1.76  333.02 ± 14.22
Emergency Avg Wait (s)         N/A    5.24 ± 1.07     2.70 ± 0.78
Emergency Avg Speed (m/s)      N/A   12.14 ± 0.32    12.84 ± 0.33
Emergency Vehicles Completed   N/A   17.00 ± 0.00    17.00 ± 0.00
Normal Avg Wait (s)            N/A    4.05 ± 0.32     5.48 ± 0.37
Normal Avg Speed (m/s)         N/A   12.18 ± 0.07    12.00 ± 0.07
Normal Vehicles Completed      N/A  341.33 ± 1.76   341.62 ± 1.83
WiFi PDR (%)                   N/A   95.85 ± 0.02    95.89 ± 0.04
WiMAX PDR (%)                  N/A   98.04 ± 0.06    98.03 ± 0.08
Simulation Time (s)            N/A   49.95 ± 3.09    64.49 ± 3.08

  Saved: /Users/apple/Desktop/vanet_final_v3/benchmark_results/comparison_no_security.csv
  Saved: /Users/apple/Desktop/vanet_final_v3/benchmark_results/aggregated_no_security.json

  All raw results: /Users/apple/Desktop/vanet_final_v3/benchmark_results/all_raw_results.json

======================================================================
  BENCHMARK COMPLETE
======================================================================
  Results directory: /Users/apple/Desktop/vanet_final_v3/benchmark_results
